keep__197: 
keep__129: 
case__8: 
reg__9: 
reg__27: 
reg__4: 
keep__165: 
extram: 
datapath__12: 
keep__201: 
keep__43: 
keep__245: 
keep__143: 
datapath__19: 
logic__52: 
keep__230: 
reg__74: 
ROM: 
case__105: 
case__175: 
reg__25: 
keep__233: 
keep__155: 
reg__57: 
keep__243: 
keep__218: 
case__211: 
logic__16: 
muxpart__4: 
reg__43: 
case__210: 
case__174: 
case__50: 
keep__123: 
muxpart__3: 
keep__38: 
keep__135: 
keep__30: 
ALU: 
keep__164: 
case__212: 
keep__65: 
keep__40: 
keep__192: 
logic__38: 
datapath__11: 
reg__50: 
reg__95: 
keep__102: 
reg__37: 
case__28: 
logic__251: 
logic__89: 
keep__36: 
reg__22: 
keep__229: 
reg__40: 
logic__47: 
reg__68: 
case__205: 
keep__84: 
datapath__6: 
case__52: 
reg__1: 
case__202: 
keep__247: 
keep__221: 
logic__33: 
case__13: 
keep__67: 
keep__179: 
logic__51: 
reg__34: 
keep__137: 
keep__159: 
keep__190: 
logic__79: 
case__44: 
keep__133: 
case__48: 
case__32: 
case__29: 
case__121: 
keep__217: 
keep__235: 
reg__42: 
muxpart__10: 
reg__54: 
keep__239: 
keep__174: 
case__107: 
keep__226: 
keep__222: 
Baud_gen: 
keep__124: 
datapath__14: 
keep__3: 
datapath__13: 
keep__9: 
keep__116: 
reg__48: 
logic__28: 
reg__108: 
keep__42: 
reg__60: 
Etapa_MEM: 
logic__21: 
case__15: 
keep__219: 
latch_exmem: 
reg__33: 
logic__156: 
case__46: 
case__4: 
reg__38: 
logic__50: 
keep__99: 
keep__170: 
reg__6: 
reg__51: 
logic__162: 
logic__95: 
reg__26: 
keep__138: 
logic__11: 
datapath__1: 
logic__90: 
keep__213: 
keep__93: 
logic__40: 
case__115: 
case__34: 
logic__48: 
keep__185: 
datapath__20: 
keep__28: 
reg__72: 
keep__57: 
keep__26: 
case__184: 
keep__91: 
reg__65: 
keep: 
reg__83: 
keep__189: 
logic: 
keep__70: 
case__111: 
keep__142: 
logic__157: 
muxpart__7: 
keep__73: 
datapath__3: 
keep__207: 
reg: 
datapath__26: 
keep__237: 
keep__97: 
logic__23: 
case__43: 
keep__105: 
logic__1: 
keep__134: 
reg__101: 
reg__11: 
keep__128: 
keep__150: 
keep__232: 
keep__90: 
keep__178: 
reg__44: 
keep__5: 
case__181: 
case__116: 
keep__92: 
keep__199: 
keep__48: 
muxpart__59: 
datapath__17: 
reg__46: 
keep__181: 
reg__78: 
keep__39: 
keep__209: 
latch_idex: 
case__213: 
keep__184: 
keep__163: 
case__54: 
keep__2: 
keep__204: 
datapath__2: 
logic__49: 
logic__94: 
case__35: 
keep__160: 
reg__58: 
keep__125: 
logic__62: 
keep__130: 
logic__42: 
keep__234: 
case__55: 
case: 
keep__161: 
reg__15: 
keep__45: 
datapath__15: 
extram__1: 
datapath__9: 
muxpart__58: 
reg__77: 
reg__109: 
case__179: 
keep__49: 
case__9: 
keep__66: 
keep__157: 
logic__82: 
keep__167: 
logic__34: 
reg__35: 
case__118: 
keep__126: 
reg__110: 
reg__67: 
keep__7: 
logic__70: 
keep__17: 
keep__75: 
keep__172: 
keep__145: 
reg__29: 
keep__59: 
logic__29: 
logic__10: 
reg__41: 
Instruction_decode: 
keep__81: 
case__10: 
keep__228: 
logic__41: 
keep__31: 
case__25: 
keep__166: 
case__209: 
logic__93: 
logic__215: 
logic__252: 
keep__121: 
keep__96: 
case__22: 
logic__22: 
case__33: 
case__12: 
datapath__24: 
keep__139: 
keep__89: 
keep__32: 
keep__22: 
keep__80: 
keep__210: 
reg__5: 
logic__43: 
reg__90: 
datapath__10: 
keep__19: 
keep__113: 
keep__246: 
case__49: 
keep__214: 
logic__91: 
logic__6: 
keep__112: 
reg__70: 
keep__54: 
datapath__28: 
keep__111: 
reg__71: 
logic__15: 
case__104: 
keep__46: 
keep__144: 
reg__62: 
reg__21: 
keep__12: 
case__45: 
reg__89: 
logic__14: 
keep__149: 
datapath__25: 
keep__168: 
keep__58: 
keep__109: 
keep__53: 
counter__1: 
keep__107: 
reg__23: 
keep__180: 
keep__154: 
reg__94: 
reg__91: 
keep__27: 
muxpart__6: 
counter__2: 
muxpart: 
keep__193: 
keep__119: 
keep__21: 
keep__63: 
keep__64: 
keep__76: 
logic__59: 
case__3: 
keep__44: 
logic__46: 
reg__79: 
keep__37: 
case__5: 
case__178: 
reg__47: 
reg__64: 
keep__244: 
reg__92: 
case__6: 
logic__25: 
reg__61: 
keep__147: 
reg__66: 
logic__35: 
case__188: 
datapath__22: 
case__106: 
keep__212: 
keep__85: 
reg__100: 
keep__16: 
keep__29: 
case__119: 
keep__103: 
keep__41: 
case__117: 
case__38: 
Forwarding_unit: 
reg__55: 
keep__215: 
keep__186: 
keep__25: 
keep__206: 
keep__101: 
keep__227: 
keep__1: 
keep__51: 
keep__208: 
case__23: 
keep__171: 
case__7: 
keep__231: 
reg__82: 
case__1: 
reg__19: 
keep__198: 
keep__148: 
logic__4: 
logic__18: 
case__42: 
keep__34: 
case__120: 
logic__5: 
reg__103: 
keep__94: 
datapath__18: 
keep__61: 
keep__78: 
keep__177: 
datapath__5: 
logic__31: 
case__17: 
muxpart__44: 
keep__225: 
case__31: 
muxpart__2: 
datapath__27: 
keep__122: 
logic__13: 
reg__36: 
muxpart__9: 
keep__6: 
keep__140: 
keep__242: 
keep__238: 
keep__205: 
keep__200: 
case__185: 
reg__80: 
latch_memwb: 
case__30: 
logic__161: 
datapath__23: 
case__182: 
reg__18: 
muxpart__11: 
RAM: 
case__16: 
counter: 
keep__152: 
keep__151: 
muxpart__1: 
keep__216: 
keep__191: 
logic__101: 
keep__108: 
keep__141: 
keep__136: 
reg__28: 
keep__18: 
keep__158: 
keep__169: 
IF_ID: 
keep__69: 
keep__62: 
case__24: 
keep__211: 
reg__39: 
reg__14: 
keep__117: 
keep__33: 
keep__223: 
keep__106: 
keep__52: 
case__19: 
reg__7: 
datapath__4: 
keep__24: 
keep__175: 
keep__20: 
keep__131: 
reg__53: 
reg__81: 
keep__118: 
case__18: 
logic__30: 
keep__241: 
keep__162: 
reg__45: 
keep__47: 
case__189: 
case__186: 
reg__2: 
keep__202: 
reg__73: 
logic__86: 
keep__50: 
logic__32: 
keep__120: 
keep__104: 
datapath__7: 
reg__59: 
logic__44: 
case__47: 
keep__14: 
case__176: 
keep__35: 
logic__20: 
keep__195: 
keep__87: 
logic__39: 
case__21: 
keep__10: 
logic__19: 
Top: 
keep__176: 
keep__86: 
keep__127: 
case__53: 
keep__98: 
keep__183: 
reg__49: 
logic__45: 
logic__9: 
logic__17: 
datapath: 
case__108: 
datapath__8: 
case__206: 
keep__55: 
reg__52: 
case__180: 
reg__75: 
logic__12: 
keep__156: 
case__177: 
reg__76: 
keep__15: 
case__27: 
keep__77: 
Registros: 
case__11: 
reg__102: 
Instruction_fetch: 
etapa_wb: 
keep__88: 
keep__79: 
reg__30: 
keep__220: 
Data_hazard_detection_unit: 
keep__95: 
logic__36: 
keep__82: 
keep__187: 
keep__56: 
keep__100: 
keep__72: 
reg__56: 
keep__182: 
reg__31: 
keep__74: 
logic__24: 
reg__93: 
case__2: 
keep__13: 
keep__60: 
reg__63: 
keep__68: 
case__26: 
keep__8: 
keep__240: 
keep__11: 
keep__203: 
logic__249: 
keep__114: 
keep__23: 
case__37: 
logic__65: 
keep__83: 
reg__8: 
keep__173: 
datapath__16: 
logic__160: 
logic__153: 
logic__37: 
logic__27: 
case__14: 
keep__236: 
case__112: 
keep__146: 
logic__213: 
case__20: 
reg__69: 
keep__194: 
logic__53: 
keep__4: 
logic__253: 
logic__92: 
logic__85: 
reg__10: 
keep__132: 
keep__110: 
keep__115: 
reg__17: 
logic__26: 
keep__196: 
reg__16: 
etapa_ex: 
case__110: 
logic__102: 
logic__54: 
logic__81: 
reg__20: 
RX: 
case__36: 
case__114: 
reg__3: 
reg__111: 
case__183: 
datapath__21: 
keep__71: 
Basys3_7SegmentMultiplexing: 
keep__188: 
keep__153: 
reg__88: 
reg__13: 
case__39: 
case__187: 
logic__80: 
logic__99: 
reg__32: 
TX: 
logic__66: 
case__214: 
keep__224: 
muxpart__45: 
reg__24: 
reg__12: 
