Copyright 1986-2022 Xilinx, Inc. All Rights Reserved. Copyright 2022-2023 Advanced Micro Devices, Inc. All Rights Reserved.
---------------------------------------------------------------------------------------------------------------------------------------------
| Tool Version : Vivado v.2023.2 (win64) Build 4029153 Fri Oct 13 20:14:34 MDT 2023
| Date         : Thu May 30 20:06:47 2024
| Host         : nehemias-dell running 64-bit major release  (build 9200)
| Command      : report_control_sets -verbose -file Top_control_sets_placed.rpt
| Design       : Top
| Device       : xc7a35t
---------------------------------------------------------------------------------------------------------------------------------------------

Control Set Information

Table of Contents
-----------------
1. Summary
2. Histogram
3. Flip-Flop Distribution
4. Detailed Control Set Information

1. Summary
----------

+----------------------------------------------------------+-------+
|                          Status                          | Count |
+----------------------------------------------------------+-------+
| Total control sets                                       |    79 |
|    Minimum number of control sets                        |    79 |
|    Addition due to synthesis replication                 |     0 |
|    Addition due to physical synthesis replication        |     0 |
| Unused register locations in slices containing registers |    74 |
+----------------------------------------------------------+-------+
* Control sets can be merged at opt_design using control_set_merge or merge_equivalent_drivers
** Run report_qor_suggestions for automated merging and remapping suggestions


2. Histogram
------------

+--------------------+-------+
|       Fanout       | Count |
+--------------------+-------+
| Total control sets |    79 |
| >= 0 to < 4        |     3 |
| >= 4 to < 6        |     4 |
| >= 6 to < 8        |     1 |
| >= 8 to < 10       |     4 |
| >= 10 to < 12      |     4 |
| >= 12 to < 14      |     0 |
| >= 14 to < 16      |     0 |
| >= 16              |    63 |
+--------------------+-------+
* Control sets can be remapped at either synth_design or opt_design


3. Flip-Flop Distribution
-------------------------

+--------------+-----------------------+------------------------+-----------------+--------------+
| Clock Enable | Synchronous Set/Reset | Asynchronous Set/Reset | Total Registers | Total Slices |
+--------------+-----------------------+------------------------+-----------------+--------------+
| No           | No                    | No                     |             347 |          158 |
| No           | No                    | Yes                    |               0 |            0 |
| No           | Yes                   | No                     |             201 |           38 |
| Yes          | No                    | No                     |             866 |          241 |
| Yes          | No                    | Yes                    |               0 |            0 |
| Yes          | Yes                   | No                     |            1016 |          366 |
+--------------+-----------------------+------------------------+-----------------+--------------+


4. Detailed Control Set Information
-----------------------------------

+------------------+-----------------------------------------------+-----------------------------------------+------------------+----------------+--------------+
|   Clock Signal   |                 Enable Signal                 |             Set/Reset Signal            | Slice Load Count | Bel Load Count | Bels / Slice |
+------------------+-----------------------------------------------+-----------------------------------------+------------------+----------------+--------------+
|  o_tick_BUFG     | transmisor/salida_i_1_n_0                     |                                         |                1 |              1 |         1.00 |
|  i_recibido_BUFG |                                               |                                         |                1 |              2 |         2.00 |
|  i_clk_IBUF_BUFG |                                               |                                         |                3 |              3 |         1.00 |
|  o_tick_BUFG     |                                               | transmisor/contador_ticks[3]_i_1__0_n_0 |                2 |              4 |         2.00 |
|  o_tick_BUFG     | transmisor/contadorTX[3]_i_1_n_0              |                                         |                1 |              4 |         4.00 |
|  i_recibido_BUFG | receptor/FSM_onehot_present_state_reg[0]_0[0] |                                         |                2 |              5 |         2.50 |
|  o_tick_BUFG     | transmisor/contadorArray                      |                                         |                1 |              5 |         5.00 |
|  o_tick_BUFG     |                                               | basys3_7SegmentMultiplexing/seg_out[1]  |                1 |              6 |         6.00 |
|  i_recibido_BUFG | FSM_onehot_present_state_reg_n_0_[3]          | INSTRUCCION[15]_i_1_n_0                 |                1 |              8 |         8.00 |
|  i_recibido_BUFG | wea0                                          | INSTRUCCION[31]_i_1_n_0                 |                1 |              8 |         8.00 |
|  i_clk_IBUF_BUFG | transmisor/dato_transmicion[7]_i_1_n_0        |                                         |                3 |              8 |         2.67 |
|  i_recibido_BUFG | FSM_onehot_present_state_reg_n_0_[2]          | INSTRUCCION[23]_i_1_n_0                 |                2 |              8 |         4.00 |
|  o_tick_BUFG     | transmisor/next_instruction                   |                                         |                2 |             10 |         5.00 |
|  i_clk_IBUF_BUFG | salida_operadores_OBUF[0]                     |                                         |                5 |             11 |         2.20 |
|  o_tick_BUFG     | receptor/next_state__0                        |                                         |                3 |             11 |         3.67 |
|  o_tick_BUFG     | transmisor/next_state                         |                                         |                2 |             11 |         5.50 |
|  i_recibido_BUFG | receptor/FSM_onehot_present_state_reg[4]_0    |                                         |                5 |             16 |         3.20 |
|  i_clk_IBUF_BUFG |                                               | baud_gen/p_0_in                         |                5 |             16 |         3.20 |
|  i_clk_IBUF_BUFG | etapa_if/mem_inst/ram_data                    |                                         |                4 |             16 |         4.00 |
|  o_tick_BUFG     |                                               |                                         |                8 |             22 |         2.75 |
|  i_clk_IBUF_BUFG |                                               | i_reset_IBUF                            |                5 |             27 |         5.40 |
|  i_recibido_BUFG | receptor/contadorArray_reg[3]_6[0]            |                                         |                9 |             32 |         3.56 |
|  i_recibido_BUFG | receptor/contadorArray_reg[4][0]              |                                         |                8 |             32 |         4.00 |
|  i_recibido_BUFG | receptor/contadorArray_reg[3]_0[0]            |                                         |                9 |             32 |         3.56 |
|  i_recibido_BUFG | receptor/contadorArray_reg[3]_12[0]           |                                         |                6 |             32 |         5.33 |
|  i_recibido_BUFG | receptor/contadorArray_reg[3]_8[0]            |                                         |               11 |             32 |         2.91 |
|  i_recibido_BUFG | receptor/contadorArray_reg[3]_10[0]           |                                         |                5 |             32 |         6.40 |
|  i_recibido_BUFG | receptor/contadorArray_reg[4]_1[0]            |                                         |                8 |             32 |         4.00 |
|  i_recibido_BUFG | receptor/contadorArray_reg[3]_5[0]            |                                         |                8 |             32 |         4.00 |
|  i_recibido_BUFG | receptor/contadorArray_reg[4]_0[0]            |                                         |                6 |             32 |         5.33 |
|  i_recibido_BUFG | receptor/contadorArray_reg[3]_1[0]            |                                         |               12 |             32 |         2.67 |
|  i_recibido_BUFG | receptor/contadorArray_reg[3]_13[0]           |                                         |                6 |             32 |         5.33 |
|  i_recibido_BUFG | receptor/E[0]                                 |                                         |                8 |             32 |         4.00 |
|  i_recibido_BUFG | receptor/contadorArray_reg[3][0]              |                                         |                6 |             32 |         5.33 |
|  i_recibido_BUFG | receptor/contadorArray_reg[3]_11[0]           |                                         |                9 |             32 |         3.56 |
|  i_recibido_BUFG | receptor/contadorArray_reg[4]_3[0]            |                                         |                7 |             32 |         4.57 |
|  i_recibido_BUFG | receptor/contadorArray_reg[4]_5[0]            |                                         |                9 |             32 |         3.56 |
|  i_recibido_BUFG | receptor/contadorArray_reg[3]_4[0]            |                                         |                9 |             32 |         3.56 |
|  i_clk_IBUF_BUFG | transmisor/reg_instruccion[31]_i_1_n_0        |                                         |               17 |             32 |         1.88 |
| ~p_2_out_BUFG    | etapa_id/gp/registros[10][31]_i_1_n_0         | i_reset_IBUF                            |                6 |             32 |         5.33 |
| ~p_2_out_BUFG    | etapa_id/gp/registros[11][31]_i_1_n_0         | i_reset_IBUF                            |                9 |             32 |         3.56 |
| ~p_2_out_BUFG    | etapa_id/gp/registros[12][31]_i_1_n_0         | i_reset_IBUF                            |                7 |             32 |         4.57 |
| ~p_2_out_BUFG    | etapa_id/gp/registros[19][31]_i_1_n_0         | i_reset_IBUF                            |                8 |             32 |         4.00 |
| ~p_2_out_BUFG    | etapa_id/gp/registros[7][31]_i_1_n_0          | i_reset_IBUF                            |               18 |             32 |         1.78 |
| ~p_2_out_BUFG    | etapa_id/gp/registros[31][31]_i_1_n_0         | i_reset_IBUF                            |               17 |             32 |         1.88 |
| ~p_2_out_BUFG    | etapa_id/gp/registros[18][31]_i_1_n_0         | i_reset_IBUF                            |               11 |             32 |         2.91 |
| ~p_2_out_BUFG    | etapa_id/gp/registros[27][31]_i_1_n_0         | i_reset_IBUF                            |                7 |             32 |         4.57 |
| ~p_2_out_BUFG    | etapa_id/gp/registros[2][31]_i_1_n_0          | i_reset_IBUF                            |               12 |             32 |         2.67 |
| ~p_2_out_BUFG    | etapa_id/gp/registros[16][31]_i_1_n_0         | i_reset_IBUF                            |                9 |             32 |         3.56 |
| ~p_2_out_BUFG    | etapa_id/gp/registros[30][31]_i_1_n_0         | i_reset_IBUF                            |               12 |             32 |         2.67 |
| ~p_2_out_BUFG    | etapa_id/gp/registros[5][31]_i_1_n_0          | i_reset_IBUF                            |               15 |             32 |         2.13 |
| ~p_2_out_BUFG    | etapa_id/gp/registros[21][31]_i_1_n_0         | i_reset_IBUF                            |               13 |             32 |         2.46 |
| ~p_2_out_BUFG    | etapa_id/gp/registros[4][31]_i_1_n_0          | i_reset_IBUF                            |               13 |             32 |         2.46 |
| ~p_2_out_BUFG    | etapa_id/gp/registros[1][31]_i_1_n_0          | i_reset_IBUF                            |                8 |             32 |         4.00 |
| ~p_2_out_BUFG    | etapa_id/gp/registros[23][31]_i_1_n_0         | i_reset_IBUF                            |               20 |             32 |         1.60 |
| ~p_2_out_BUFG    | etapa_id/gp/registros[25][31]_i_1_n_0         | i_reset_IBUF                            |                8 |             32 |         4.00 |
| ~p_2_out_BUFG    | etapa_id/gp/registros[15][31]_i_1_n_0         | i_reset_IBUF                            |               12 |             32 |         2.67 |
| ~p_2_out_BUFG    | etapa_id/gp/registros[14][31]_i_1_n_0         | i_reset_IBUF                            |                9 |             32 |         3.56 |
| ~p_2_out_BUFG    | etapa_id/gp/registros[28][31]_i_1_n_0         | i_reset_IBUF                            |               15 |             32 |         2.13 |
| ~p_2_out_BUFG    | etapa_id/gp/registros[3][31]_i_1_n_0          | i_reset_IBUF                            |               11 |             32 |         2.91 |
| ~p_2_out_BUFG    | etapa_id/gp/registros[8][31]_i_1_n_0          | i_reset_IBUF                            |                9 |             32 |         3.56 |
| ~p_2_out_BUFG    | etapa_id/gp/registros[22][31]_i_1_n_0         | i_reset_IBUF                            |               18 |             32 |         1.78 |
| ~p_2_out_BUFG    | etapa_id/gp/registros[13][31]_i_1_n_0         | i_reset_IBUF                            |               11 |             32 |         2.91 |
| ~p_2_out_BUFG    | etapa_id/gp/registros[26][31]_i_1_n_0         | i_reset_IBUF                            |                7 |             32 |         4.57 |
| ~p_2_out_BUFG    | etapa_id/gp/registros[20][31]_i_1_n_0         | i_reset_IBUF                            |               11 |             32 |         2.91 |
| ~p_2_out_BUFG    | etapa_id/gp/registros[24][31]_i_1_n_0         | i_reset_IBUF                            |                8 |             32 |         4.00 |
| ~p_2_out_BUFG    | etapa_id/gp/registros[29][31]_i_1_n_0         | i_reset_IBUF                            |               11 |             32 |         2.91 |
| ~p_2_out_BUFG    | etapa_id/gp/registros[9][31]_i_1_n_0          | i_reset_IBUF                            |               20 |             32 |         1.60 |
| ~p_2_out_BUFG    | etapa_id/gp/registros[6][31]_i_1_n_0          | i_reset_IBUF                            |               21 |             32 |         1.52 |
|  i_recibido_BUFG | receptor/contadorArray_reg[4]_2[0]            |                                         |                6 |             32 |         5.33 |
|  i_recibido_BUFG | receptor/contadorArray_reg[3]_7[0]            |                                         |               10 |             32 |         3.20 |
|  i_recibido_BUFG | receptor/contadorArray_reg[4]_4[0]            |                                         |                5 |             32 |         6.40 |
|  i_recibido_BUFG | receptor/contadorArray_reg[3]_9[0]            |                                         |                6 |             32 |         5.33 |
|  i_recibido_BUFG | receptor/contadorArray_reg[3]_3[0]            |                                         |               15 |             32 |         2.13 |
|  i_recibido_BUFG | receptor/contadorArray_reg[3]_2[0]            |                                         |               17 |             32 |         1.88 |
| ~p_2_out_BUFG    | etapa_id/gp/registros[17][31]_i_1_n_0         | i_reset_IBUF                            |                6 |             32 |         5.33 |
| ~p_2_out_BUFG    |                                               |                                         |               47 |             76 |         1.62 |
| ~p_2_out_BUFG    |                                               | ex/alu/o_ins_type[7]                    |               25 |            148 |         5.92 |
|  p_2_out_BUFG    |                                               |                                         |               99 |            244 |         2.46 |
+------------------+-----------------------------------------------+-----------------------------------------+------------------+----------------+--------------+


